// Jest Snapshot v1, https://goo.gl/fbAQLP

exports[`Footer Component matches the snapshot 1`] = `
<DocumentFragment>
  <footer
    class="bg-white border-t"
  >
    <div
      class="mx-auto py-10"
    >
      <p
        class="text-center text-sm text-black"
      >
        Â© 2024 eCommerce, Inc. All rights reserved
      </p>
    </div>
  </footer>
</DocumentFragment>
`;
